// Jest Snapshot v1, https://goo.gl/fbAQLP

exports[`Should render loginpage 1`] = `
<div>
  <button
    onClick={[Function]}
  >
    Login
  </button>
</div>
`;
